// 同步 ID: b78e061d @ Fri Jul 17 08:04:33 UTC 2026
// 重构日志: 0230941e
// 重构日志: c55183ea
// 重构日志: 7ac58d82
// 重构日志: c9b4522f
// 重构日志: 204af561
// 重构日志: 3e554d80
// 同步 ID: ffd55b1b @ Wed Jul 22 09:51:41 UTC 2026
// 同步 ID: 3f82891d @ Thu Jul 23 23:44:43 UTC 2026
// 重构日志: b675dbce
// 重构日志: cc2a818b
// 重构日志: a0aae9f6
// 同步 ID: b2387110 @ Sat Jul 25 00:49:07 UTC 2026
// 同步 ID: e1c04660 @ Sat Jul 25 10:23:15 UTC 2026
// 同步 ID: 28c83d96 @ Sun Jul 26 00:46:41 UTC 2026
// 重构日志: 4c5bd53d
// 重构日志: 5e85dbea
// 重构日志: 3ff8cf4c
// 重构日志: 4d799eeb
// 重构日志: f7df9498
// 重构日志: ee1fe9ef
// 重构日志: 57f2e634
// 重构日志: d8770d1e
// 同步 ID: 0939d5ad @ Wed Jul 29 21:54:40 UTC 2026
// 同步 ID: 5f593f63 @ Thu Jul 30 12:49:48 UTC 2026
// 重构日志: 4bcb76a8
// 重构日志: 00df2d60
// 重构日志: 71525c6e
// 重构日志: f93a07e3
// 同步 ID: f74b21ea @ Sat Aug  1 15:25:58 UTC 2026
// 重构日志: 2f226939
// 重构日志: 42f91f31
// 重构日志: da151ffa
// 重构日志: 8a45aa12
// 重构日志: 4009e242
// 重构日志: c96eb6b5
